Drill report for Mini_Reverse_Parking_Sensor.kicad_pcb
Created on 2026-07-30T09:28:05

Copper Layer Stackup:
    =============================================================
    L1 :  F.Cu                      front
    L2 :  B.Cu                      back


Drill file 'Mini_Reverse_Parking_Sensor-PTH-drl.gbr' contains
    plated through holes:
    =============================================================
    T1  0.300mm  0.0118"  (52 holes))
    T2  0.600mm  0.0236"  (2 holes)  (with 2 slots)
    T3  0.800mm  0.0315"  (48 holes))
    T4  0.850mm  0.0335"  (2 holes))
    T5  0.900mm  0.0354"  (6 holes))
    T6  1.000mm  0.0394"  (14 holes))
    T7  1.100mm  0.0433"  (4 holes))

    Total plated holes count 128


Drill file 'Mini_Reverse_Parking_Sensor-NPTH-drl.gbr' contains
    unplated through holes:
    =============================================================

    Total unplated holes count 0
